Archive member included because of file (symbol)

c:/winavr-20100110/bin/../lib/gcc/avr/4.3.3/avr5\libgcc.a(_divmodhi4.o)
                              ./ecu/LCD/lcd.o (__divmodhi4)
c:/winavr-20100110/bin/../lib/gcc/avr/4.3.3/avr5\libgcc.a(_exit.o)
                              c:/winavr-20100110/bin/../lib/gcc/avr/4.3.3/../../../../avr/lib/avr5/crtm32.o (exit)
c:/winavr-20100110/bin/../lib/gcc/avr/4.3.3/avr5\libgcc.a(_copy_data.o)
                              ./ecu/keypad/keypad.o (__do_copy_data)
c:/winavr-20100110/bin/../lib/gcc/avr/4.3.3/avr5\libgcc.a(_clear_bss.o)
                              ./MCAL/interrupt/external_interrupt.o (__do_clear_bss)
c:/winavr-20100110/bin/../lib/gcc/avr/4.3.3/avr5\libgcc.a(_udivmodhi4.o)
                              c:/winavr-20100110/bin/../lib/gcc/avr/4.3.3/avr5\libgcc.a(_divmodhi4.o) (__udivmodhi4)

Memory Configuration

Name             Origin             Length             Attributes
text             0x00000000         0x00020000         xr
data             0x00800060         0x0000ffa0         rw !x
eeprom           0x00810000         0x00010000         rw !x
fuse             0x00820000         0x00000400         rw !x
lock             0x00830000         0x00000400         rw !x
signature        0x00840000         0x00000400         rw !x
*default*        0x00000000         0xffffffff

Linker script and memory map

LOAD c:/winavr-20100110/bin/../lib/gcc/avr/4.3.3/../../../../avr/lib/avr5/crtm32.o
LOAD ./ecu/keypad/keypad.o
LOAD ./ecu/LCD/lcd.o
LOAD ./ecu/BUTTON/button.o
LOAD ./ecu/7-segment/ecu_7segment.o
LOAD ./MCAL/interrupt/external_interrupt.o
LOAD ./MCAL/gpio/gpio.o
LOAD ./main.o
LOAD c:/winavr-20100110/bin/../lib/gcc/avr/4.3.3/avr5\libgcc.a
LOAD c:/winavr-20100110/bin/../lib/gcc/avr/4.3.3/../../../../avr/lib/avr5\libc.a
LOAD c:/winavr-20100110/bin/../lib/gcc/avr/4.3.3/avr5\libgcc.a

.hash
 *(.hash)

.dynsym
 *(.dynsym)

.dynstr
 *(.dynstr)

.gnu.version
 *(.gnu.version)

.gnu.version_d
 *(.gnu.version_d)

.gnu.version_r
 *(.gnu.version_r)

.rel.init
 *(.rel.init)

.rela.init
 *(.rela.init)

.rel.text
 *(.rel.text)
 *(.rel.text.*)
 *(.rel.gnu.linkonce.t*)

.rela.text
 *(.rela.text)
 *(.rela.text.*)
 *(.rela.gnu.linkonce.t*)

.rel.fini
 *(.rel.fini)

.rela.fini
 *(.rela.fini)

.rel.rodata
 *(.rel.rodata)
 *(.rel.rodata.*)
 *(.rel.gnu.linkonce.r*)

.rela.rodata
 *(.rela.rodata)
 *(.rela.rodata.*)
 *(.rela.gnu.linkonce.r*)

.rel.data
 *(.rel.data)
 *(.rel.data.*)
 *(.rel.gnu.linkonce.d*)

.rela.data
 *(.rela.data)
 *(.rela.data.*)
 *(.rela.gnu.linkonce.d*)

.rel.ctors
 *(.rel.ctors)

.rela.ctors
 *(.rela.ctors)

.rel.dtors
 *(.rel.dtors)

.rela.dtors
 *(.rela.dtors)

.rel.got
 *(.rel.got)

.rela.got
 *(.rela.got)

.rel.bss
 *(.rel.bss)

.rela.bss
 *(.rela.bss)

.rel.plt
 *(.rel.plt)

.rela.plt
 *(.rela.plt)

.text           0x00000000     0x112c
 *(.vectors)
 .vectors       0x00000000       0x54 c:/winavr-20100110/bin/../lib/gcc/avr/4.3.3/../../../../avr/lib/avr5/crtm32.o
                0x00000000                __vectors
                0x00000000                __vector_default
 *(.vectors)
 *(.progmem.gcc*)
 *(.progmem*)
                0x00000054                . = ALIGN (0x2)
                0x00000054                __trampolines_start = .
 *(.trampolines)
 .trampolines   0x00000054        0x0 linker stubs
 *(.trampolines*)
                0x00000054                __trampolines_end = .
 *(.jumptables)
 *(.jumptables*)
 *(.lowtext)
 *(.lowtext*)
                0x00000054                __ctors_start = .
 *(.ctors)
                0x00000054                __ctors_end = .
                0x00000054                __dtors_start = .
 *(.dtors)
                0x00000054                __dtors_end = .
 SORT(*)(.ctors)
 SORT(*)(.dtors)
 *(.init0)
 .init0         0x00000054        0x0 c:/winavr-20100110/bin/../lib/gcc/avr/4.3.3/../../../../avr/lib/avr5/crtm32.o
                0x00000054                __init
 *(.init0)
 *(.init1)
 *(.init1)
 *(.init2)
 .init2         0x00000054        0xc c:/winavr-20100110/bin/../lib/gcc/avr/4.3.3/../../../../avr/lib/avr5/crtm32.o
 *(.init2)
 *(.init3)
 *(.init3)
 *(.init4)
 .init4         0x00000060       0x16 c:/winavr-20100110/bin/../lib/gcc/avr/4.3.3/avr5\libgcc.a(_copy_data.o)
                0x00000060                __do_copy_data
 .init4         0x00000076       0x10 c:/winavr-20100110/bin/../lib/gcc/avr/4.3.3/avr5\libgcc.a(_clear_bss.o)
                0x00000076                __do_clear_bss
 *(.init4)
 *(.init5)
 *(.init5)
 *(.init6)
 *(.init6)
 *(.init7)
 *(.init7)
 *(.init8)
 *(.init8)
 *(.init9)
 .init9         0x00000086        0x8 c:/winavr-20100110/bin/../lib/gcc/avr/4.3.3/../../../../avr/lib/avr5/crtm32.o
 *(.init9)
 *(.text)
 .text          0x0000008e        0x4 c:/winavr-20100110/bin/../lib/gcc/avr/4.3.3/../../../../avr/lib/avr5/crtm32.o
                0x0000008e                __vector_12
                0x0000008e                __bad_interrupt
                0x0000008e                __vector_6
                0x0000008e                __vector_11
                0x0000008e                __vector_13
                0x0000008e                __vector_17
                0x0000008e                __vector_19
                0x0000008e                __vector_7
                0x0000008e                __vector_5
                0x0000008e                __vector_4
                0x0000008e                __vector_9
                0x0000008e                __vector_15
                0x0000008e                __vector_8
                0x0000008e                __vector_14
                0x0000008e                __vector_10
                0x0000008e                __vector_16
                0x0000008e                __vector_18
                0x0000008e                __vector_20
 .text          0x00000092        0x0 ./ecu/keypad/keypad.o
 .text          0x00000092        0x0 ./ecu/LCD/lcd.o
 .text          0x00000092        0x0 ./ecu/BUTTON/button.o
 .text          0x00000092        0x0 ./ecu/7-segment/ecu_7segment.o
 .text          0x00000092        0x0 ./MCAL/interrupt/external_interrupt.o
 .text          0x00000092        0x0 ./MCAL/gpio/gpio.o
 .text          0x00000092        0x0 ./main.o
 .text          0x00000092        0x0 c:/winavr-20100110/bin/../lib/gcc/avr/4.3.3/avr5\libgcc.a(_divmodhi4.o)
 .text          0x00000092        0x0 c:/winavr-20100110/bin/../lib/gcc/avr/4.3.3/avr5\libgcc.a(_exit.o)
 .text          0x00000092        0x0 c:/winavr-20100110/bin/../lib/gcc/avr/4.3.3/avr5\libgcc.a(_copy_data.o)
 .text          0x00000092        0x0 c:/winavr-20100110/bin/../lib/gcc/avr/4.3.3/avr5\libgcc.a(_clear_bss.o)
 .text          0x00000092        0x0 c:/winavr-20100110/bin/../lib/gcc/avr/4.3.3/avr5\libgcc.a(_udivmodhi4.o)
                0x00000092                . = ALIGN (0x2)
 *(.text.*)
 .text.KEYPAD_read
                0x00000092      0x184 ./ecu/keypad/keypad.o
                0x00000092                KEYPAD_read
 .text.KEYPAD_init
                0x00000216       0x6a ./ecu/keypad/keypad.o
                0x00000216                KEYPAD_init
 .text.lcd_send_4bit
                0x00000280       0x58 ./ecu/LCD/lcd.o
 .text.lcd_4bit_send_enable_signal
                0x000002d8       0x3a ./ecu/LCD/lcd.o
 .text.lcd_4bit_send_char
                0x00000312       0x40 ./ecu/LCD/lcd.o
                0x00000312                lcd_4bit_send_char
 .text.lcd_4bit_send_number
                0x00000352       0xb4 ./ecu/LCD/lcd.o
                0x00000352                lcd_4bit_send_number
 .text.lcd_4bit_send_string
                0x00000406       0x30 ./ecu/LCD/lcd.o
                0x00000406                lcd_4bit_send_string
 .text.lcd_4bit_send_command
                0x00000436       0x40 ./ecu/LCD/lcd.o
                0x00000436                lcd_4bit_send_command
 .text.lcd_4bit_send_string_at_pos
                0x00000476       0x5a ./ecu/LCD/lcd.o
                0x00000476                lcd_4bit_send_string_at_pos
 .text.lcd_4bit_send_char_at_pos
                0x000004d0       0x50 ./ecu/LCD/lcd.o
                0x000004d0                lcd_4bit_send_char_at_pos
 .text.lcd_4bit_send_custom_char
                0x00000520       0x64 ./ecu/LCD/lcd.o
                0x00000520                lcd_4bit_send_custom_char
 .text.lcd_4bit_init
                0x00000584       0xa8 ./ecu/LCD/lcd.o
                0x00000584                lcd_4bit_init
 .text.BTN_read
                0x0000062c       0x70 ./ecu/BUTTON/button.o
                0x0000062c                BTN_read
 .text.BTN_init
                0x0000069c       0x1e ./ecu/BUTTON/button.o
                0x0000069c                BTN_init
 .text.SSD_setNumber
                0x000006ba       0xb0 ./ecu/7-segment/ecu_7segment.o
                0x000006ba                SSD_setNumber
 .text.SSD_init
                0x0000076a       0x14 ./ecu/7-segment/ecu_7segment.o
                0x0000076a                SSD_init
 .text.EXT_Enable
                0x0000077e       0xa6 ./MCAL/interrupt/external_interrupt.o
                0x0000077e                EXT_Enable
 .text.EXT_Disable
                0x00000824       0x2a ./MCAL/interrupt/external_interrupt.o
                0x00000824                EXT_Disable
 .text.SET_CallBack
                0x0000084e       0x32 ./MCAL/interrupt/external_interrupt.o
                0x0000084e                SET_CallBack
 .text.__vector_1
                0x00000880       0x52 ./MCAL/interrupt/external_interrupt.o
                0x00000880                __vector_1
 .text.__vector_2
                0x000008d2       0x52 ./MCAL/interrupt/external_interrupt.o
                0x000008d2                __vector_2
 .text.__vector_3
                0x00000924       0x52 ./MCAL/interrupt/external_interrupt.o
                0x00000924                __vector_3
 .text.DIO_pin_init
                0x00000976      0x10c ./MCAL/gpio/gpio.o
                0x00000976                DIO_pin_init
 .text.DIO_pin_read
                0x00000a82       0x4a ./MCAL/gpio/gpio.o
                0x00000a82                DIO_pin_read
 .text.DIO_pin_write
                0x00000acc      0x10a ./MCAL/gpio/gpio.o
                0x00000acc                DIO_pin_write
 .text.DIO_pin_toggle
                0x00000bd6       0x80 ./MCAL/gpio/gpio.o
                0x00000bd6                DIO_pin_toggle
 .text.DIO_pin_pull_up_active
                0x00000c56       0x86 ./MCAL/gpio/gpio.o
                0x00000c56                DIO_pin_pull_up_active
 .text.DIO_pin_pull_up_deactive
                0x00000cdc       0x92 ./MCAL/gpio/gpio.o
                0x00000cdc                DIO_pin_pull_up_deactive
 .text.DIO_port_init
                0x00000d6e       0x5a ./MCAL/gpio/gpio.o
                0x00000d6e                DIO_port_init
 .text.DIO_port_read
                0x00000dc8       0x32 ./MCAL/gpio/gpio.o
                0x00000dc8                DIO_port_read
 .text.DIO_port_write
                0x00000dfa       0x28 ./MCAL/gpio/gpio.o
                0x00000dfa                DIO_port_write
 .text.DIO_port_toggle
                0x00000e22       0x38 ./MCAL/gpio/gpio.o
                0x00000e22                DIO_port_toggle
 .text.calculation
                0x00000e5a       0x46 ./main.o
                0x00000e5a                calculation
 .text.main     0x00000ea0      0x23a ./main.o
                0x00000ea0                main
 .text.libgcc   0x000010da       0x26 c:/winavr-20100110/bin/../lib/gcc/avr/4.3.3/avr5\libgcc.a(_divmodhi4.o)
                0x000010da                __divmodhi4
                0x000010da                _div
 .text.libgcc   0x00001100        0x0 c:/winavr-20100110/bin/../lib/gcc/avr/4.3.3/avr5\libgcc.a(_exit.o)
 .text.libgcc   0x00001100        0x0 c:/winavr-20100110/bin/../lib/gcc/avr/4.3.3/avr5\libgcc.a(_copy_data.o)
 .text.libgcc   0x00001100        0x0 c:/winavr-20100110/bin/../lib/gcc/avr/4.3.3/avr5\libgcc.a(_clear_bss.o)
 .text.libgcc   0x00001100       0x28 c:/winavr-20100110/bin/../lib/gcc/avr/4.3.3/avr5\libgcc.a(_udivmodhi4.o)
                0x00001100                __udivmodhi4
                0x00001128                . = ALIGN (0x2)
 *(.fini9)
 .fini9         0x00001128        0x0 c:/winavr-20100110/bin/../lib/gcc/avr/4.3.3/avr5\libgcc.a(_exit.o)
                0x00001128                exit
                0x00001128                _exit
 *(.fini9)
 *(.fini8)
 *(.fini8)
 *(.fini7)
 *(.fini7)
 *(.fini6)
 *(.fini6)
 *(.fini5)
 *(.fini5)
 *(.fini4)
 *(.fini4)
 *(.fini3)
 *(.fini3)
 *(.fini2)
 *(.fini2)
 *(.fini1)
 *(.fini1)
 *(.fini0)
 .fini0         0x00001128        0x4 c:/winavr-20100110/bin/../lib/gcc/avr/4.3.3/avr5\libgcc.a(_exit.o)
 *(.fini0)
                0x0000112c                _etext = .

.data           0x00800060       0x54 load address 0x0000112c
                0x00800060                PROVIDE (__data_start, .)
 *(.data)
 .data          0x00800060        0x0 c:/winavr-20100110/bin/../lib/gcc/avr/4.3.3/../../../../avr/lib/avr5/crtm32.o
 .data          0x00800060        0x0 ./ecu/keypad/keypad.o
 .data          0x00800060        0x0 ./ecu/LCD/lcd.o
 .data          0x00800060        0x0 ./ecu/BUTTON/button.o
 .data          0x00800060        0x0 ./ecu/7-segment/ecu_7segment.o
 .data          0x00800060        0x0 ./MCAL/interrupt/external_interrupt.o
 .data          0x00800060        0x0 ./MCAL/gpio/gpio.o
 .data          0x00800060        0xf ./main.o
 .data          0x0080006f        0x0 c:/winavr-20100110/bin/../lib/gcc/avr/4.3.3/avr5\libgcc.a(_divmodhi4.o)
 .data          0x0080006f        0x0 c:/winavr-20100110/bin/../lib/gcc/avr/4.3.3/avr5\libgcc.a(_exit.o)
 .data          0x0080006f        0x0 c:/winavr-20100110/bin/../lib/gcc/avr/4.3.3/avr5\libgcc.a(_copy_data.o)
 .data          0x0080006f        0x0 c:/winavr-20100110/bin/../lib/gcc/avr/4.3.3/avr5\libgcc.a(_clear_bss.o)
 .data          0x0080006f        0x0 c:/winavr-20100110/bin/../lib/gcc/avr/4.3.3/avr5\libgcc.a(_udivmodhi4.o)
 *(.data*)
 .data.keypad_1
                0x0080006f       0x18 ./main.o
                0x0080006f                keypad_1
 .data.lcd_1    0x00800087       0x12 ./main.o
                0x00800087                lcd_1
 *(.rodata)
 *(.rodata*)
 .rodata.keypadValues
                0x00800099       0x10 ./ecu/keypad/keypad.o
 .rodata.cathodArr
                0x008000a9        0xa ./ecu/7-segment/ecu_7segment.o
 *(.gnu.linkonce.d*)
                0x008000b4                . = ALIGN (0x2)
 *fill*         0x008000b3        0x1 00
                0x008000b4                _edata = .
                0x008000b4                PROVIDE (__data_end, .)

.bss            0x008000b4        0x7
                0x008000b4                PROVIDE (__bss_start, .)
 *(.bss)
 .bss           0x008000b4        0x0 c:/winavr-20100110/bin/../lib/gcc/avr/4.3.3/../../../../avr/lib/avr5/crtm32.o
 .bss           0x008000b4        0x0 ./ecu/keypad/keypad.o
 .bss           0x008000b4        0x0 ./ecu/LCD/lcd.o
 .bss           0x008000b4        0x0 ./ecu/BUTTON/button.o
 .bss           0x008000b4        0x0 ./ecu/7-segment/ecu_7segment.o
 .bss           0x008000b4        0x0 ./MCAL/interrupt/external_interrupt.o
 .bss           0x008000b4        0x0 ./MCAL/gpio/gpio.o
 .bss           0x008000b4        0x0 ./main.o
 .bss           0x008000b4        0x0 c:/winavr-20100110/bin/../lib/gcc/avr/4.3.3/avr5\libgcc.a(_divmodhi4.o)
 .bss           0x008000b4        0x0 c:/winavr-20100110/bin/../lib/gcc/avr/4.3.3/avr5\libgcc.a(_exit.o)
 .bss           0x008000b4        0x0 c:/winavr-20100110/bin/../lib/gcc/avr/4.3.3/avr5\libgcc.a(_copy_data.o)
 .bss           0x008000b4        0x0 c:/winavr-20100110/bin/../lib/gcc/avr/4.3.3/avr5\libgcc.a(_clear_bss.o)
 .bss           0x008000b4        0x0 c:/winavr-20100110/bin/../lib/gcc/avr/4.3.3/avr5\libgcc.a(_udivmodhi4.o)
 *(.bss*)
 .bss.INT2_Fptr
                0x008000b4        0x2 ./MCAL/interrupt/external_interrupt.o
 .bss.INT1_Fptr
                0x008000b6        0x2 ./MCAL/interrupt/external_interrupt.o
 .bss.INT0_Fptr
                0x008000b8        0x2 ./MCAL/interrupt/external_interrupt.o
 .bss.ret       0x008000ba        0x1 ./main.o
                0x008000ba                ret
 *(COMMON)
                0x008000bb                PROVIDE (__bss_end, .)
                0x0000112c                __data_load_start = LOADADDR (.data)
                0x00001180                __data_load_end = (__data_load_start + SIZEOF (.data))

.noinit         0x008000bb        0x0
                0x008000bb                PROVIDE (__noinit_start, .)
 *(.noinit*)
                0x008000bb                PROVIDE (__noinit_end, .)
                0x008000bb                _end = .
                0x008000bb                PROVIDE (__heap_start, .)

.eeprom         0x00810000        0x0
 *(.eeprom*)
                0x00810000                __eeprom_end = .

.fuse
 *(.fuse)
 *(.lfuse)
 *(.hfuse)
 *(.efuse)

.lock
 *(.lock*)

.signature
 *(.signature*)

.stab
 *(.stab)

.stabstr
 *(.stabstr)

.stab.excl
 *(.stab.excl)

.stab.exclstr
 *(.stab.exclstr)

.stab.index
 *(.stab.index)

.stab.indexstr
 *(.stab.indexstr)

.comment
 *(.comment)

.debug
 *(.debug)

.line
 *(.line)

.debug_srcinfo
 *(.debug_srcinfo)

.debug_sfnames
 *(.debug_sfnames)

.debug_aranges
 *(.debug_aranges)

.debug_pubnames
 *(.debug_pubnames)

.debug_info
 *(.debug_info)
 *(.gnu.linkonce.wi.*)

.debug_abbrev
 *(.debug_abbrev)

.debug_line
 *(.debug_line)

.debug_frame
 *(.debug_frame)

.debug_str
 *(.debug_str)

.debug_loc
 *(.debug_loc)

.debug_macinfo
 *(.debug_macinfo)
OUTPUT(atmega32_drivers.elf elf32-avr)
LOAD linker stubs
